// Jest Snapshot v1, https://goo.gl/fbAQLP

exports[`<XTerm /> should render correctly 1`] = `"<div><div dir=\\"ltr\\" class=\\"terminal xterm\\" tabindex=\\"0\\"><div class=\\"xterm-viewport\\" style=\\"background-color: rgb(0, 0, 0);\\"><div class=\\"xterm-scroll-area\\"></div></div><div class=\\"xterm-screen\\"><div class=\\"xterm-helpers\\"><textarea class=\\"xterm-helper-textarea\\" aria-label=\\"Terminal input\\" aria-multiline=\\"false\\" autocorrect=\\"off\\" autocapitalize=\\"off\\" spellcheck=\\"false\\" tabindex=\\"0\\"></textarea><span class=\\"xterm-char-measure-element\\" aria-hidden=\\"true\\" style=\\"font-family: courier-new, courier, monospace; font-size: 15px;\\">W</span><div class=\\"composition-view\\"></div></div><canvas class=\\"xterm-text-layer\\" style=\\"z-index: 0;\\"></canvas><canvas class=\\"xterm-selection-layer\\" style=\\"z-index: 1;\\"></canvas><canvas class=\\"xterm-link-layer\\" style=\\"z-index: 2;\\"></canvas><canvas class=\\"xterm-cursor-layer\\" style=\\"z-index: 3;\\"></canvas></div></div></div>"`;
